[maikefeng.gitbook.io/invest-guide/index.html]
[backblue.gif]
[fade.gif]
[index.html]
[app.gitbook.com/share/space/thumbnail/-LtET6TDCVmUjH1zesyw.png]
[unpkg.com/emojione-assets@4.0.0/sprites/emojione-sprite-40.min.css]
[www.googleapis.com/index.html]
[blobscdn.gitbook.com/v0/b/gitbook-28427.appspot.com/o/spaces/-LtET6TDCVmUjH1zesyw/avatar8fef.png]
[polyfill.io/v3/polyfill.min5eb0.js]
[maikefeng.gitbook.io/invest-guide/can-kao-zi-liao.html]
[maikefeng.gitbook.io/invest-guide/ch.1-market-traps/li-shi-zong-shi-yi-zai-xun-huan.html]
[maikefeng.gitbook.io/invest-guide/ch.1-market-traps/ye-wu-yuan-de-zhuan-ye.html]
[maikefeng.gitbook.io/invest-guide/ch.1-market-traps/zhi-fu-sheng-bei.html]
[maikefeng.gitbook.io/invest-guide/ch.1-market-traps/po-chan-guo-cai-suan-tou-ji-jia.html]
[maikefeng.gitbook.io/invest-guide/ch.1-market-traps/wen-ding-huo-li-bao-zheng-hui-mie.html]
[maikefeng.gitbook.io/invest-guide/ch.1-market-traps/ru-he-cheng-wei-ying-jia.html]
[maikefeng.gitbook.io/invest-guide/ch.2-risk-management/untitled.html]
[maikefeng.gitbook.io/invest-guide/ch.2-risk-management/kai-li-gong-shi.html]
[maikefeng.gitbook.io/invest-guide/ch.2-risk-management/zi-jin-guan-li-san-yuan-ze.html]
[maikefeng.gitbook.io/invest-guide/ch.2-risk-management/gang-gan.html]
[maikefeng.gitbook.io/invest-guide/ch.2-risk-management/untitled-1.html]
[maikefeng.gitbook.io/invest-guide/ch.2-risk-management/quan-zhi-cao-zuo.html]
[maikefeng.gitbook.io/invest-guide/ch.3-tech-analysis/untitled-1.html]
[maikefeng.gitbook.io/invest-guide/ch.3-tech-analysis/untitled.html]
[maikefeng.gitbook.io/invest-guide/ch.3-tech-analysis/untitled-2.html]
[maikefeng.gitbook.io/invest-guide/ch.3-tech-analysis/shun-shi-cao-zuo-zhe.html]
[maikefeng.gitbook.io/invest-guide/ch.3-tech-analysis/jiao-yi-xi-tong.html]
[maikefeng.gitbook.io/invest-guide/ch.3-tech-analysis/yi-tiao-bian-fa.html]
[maikefeng.gitbook.io/invest-guide/ch.4-quantitative-value/you-hu-de-ben-zhi.html]
[maikefeng.gitbook.io/invest-guide/ch.4-quantitative-value/jia-zhi-tou-zi-yan-pi-gu-you-duo-hao.html]
[maikefeng.gitbook.io/invest-guide/ch.4-quantitative-value/untitled.html]
[maikefeng.gitbook.io/invest-guide/ch.4-quantitative-value/hui-ce-za-tan.html]
[maikefeng.gitbook.io/invest-guide/ch.4-quantitative-value/bai-chi-ji-ben-mian-xuan-gu-fa.html]
[maikefeng.gitbook.io/invest-guide/ch.4-quantitative-value/jin-jie-mai-ke-feng-xuan-gu-fa.html]
[maikefeng.gitbook.io/invest-guide/ch.5-last-step/zuo-gong-ke-de-fang-fa.html]
[maikefeng.gitbook.io/invest-guide/ch.5-last-step/jiao-yi-20-nian-za-gan.html]
[maikefeng.gitbook.io/invest-guide/ch.5-last-step/tou-zi-zhi-fu-zhi-dao.html]
[maikefeng.gitbook.io/invest-guide/ch.5-last-step/books.html]
[maikefeng.gitbook.io/invest-guide/ch.5-last-step/memo.html]
[maikefeng.gitbook.io/invest-guide/ch.5-last-step/zhi-xie.html]
[blobscdn.gitbook.com/v0/b/gitbook-28427.appspot.com/o/assets/-LtET6TDCVmUjH1zesyw/-LtF_u70-8gln2mDFr-a/-LtFb4mYH3m8CWmiJCcZ/IMG_20190621_153711576d.jpg]
[blobscdn.gitbook.com/v0/b/gitbook-28427.appspot.com/o/assets/-LtET6TDCVmUjH1zesyw/-Lvu04hjOZgXrB0fd5yz/-Lvu0T7Bn2YN_yfbQwz6/78952596_2934270306594733_2439451869764911104_n67a9.png]
[lh3.googleusercontent.com/a-/unnamed.jpg]
[maikefeng.gitbook.io/invest-guide/index.html]
[fonts.googleapis.com/csse4ad.css]
[static.gitbook.com/js/111.6d491a4d.js]
[www.googleapis.com/index.html]
[api.amplitude.com/index.html]
[blobscdn.gitbook.com/v0/b/index.html]
[maikefeng.gitbook.io/invest-guide/can-kao-zi-liao.html]
[blobscdn.gitbook.com/v0/b/gitbook-28427.appspot.com/o/assets/-LtET6TDCVmUjH1zesyw/-LtFdqk9HXiX0xwhvSzd/-LtFePOGOgGi8OC3HBnM/maxresdefaultb550.jpg]
[maikefeng.gitbook.io/invest-guide/ch.1-market-traps/li-shi-zong-shi-yi-zai-xun-huan.html]
[blobscdn.gitbook.com/v0/b/gitbook-28427.appspot.com/o/assets/-LtET6TDCVmUjH1zesyw/-LtETe9X09PNaJFXWn4j/-LtEXZfUlHDxl-jPvq-6/3868365_098c9808080512408786eb300eefced5f9d0.jpg]
[maikefeng.gitbook.io/invest-guide/ch.1-market-traps/ye-wu-yuan-de-zhuan-ye.html]
[blobscdn.gitbook.com/v0/b/gitbook-28427.appspot.com/o/assets/-LtET6TDCVmUjH1zesyw/-LtETe9X09PNaJFXWn4j/-LtEXr_2_swVlFLDL3tq/trick-or-treat00ca.jpg]
[blobs.gitbook.com/spaces/-LtET6TDCVmUjH1zesyw/avatar8fef.png]
[maikefeng.gitbook.io/invest-guide/ch.1-market-traps/zhi-fu-sheng-bei.html]
[blobs.gitbook.com/assets/-LtET6TDCVmUjH1zesyw/-LtETe9X09PNaJFXWn4j/-LtEXxvgV_E6XUMCQ_Kg/Holy Grail480c.jpg]
[maikefeng.gitbook.io/invest-guide/ch.1-market-traps/po-chan-guo-cai-suan-tou-ji-jia.html]
[blobs.gitbook.com/assets/-LtET6TDCVmUjH1zesyw/-LtETe9X09PNaJFXWn4j/-LtEY1OVpQXis3vqB9t_/backruptb725.jpg]
[static.gitbook.com/js/111.cb821c98.js]
[maikefeng.gitbook.io/invest-guide/ch.1-market-traps/wen-ding-huo-li-bao-zheng-hui-mie.html]
[blobs.gitbook.com/assets/-LtET6TDCVmUjH1zesyw/-LtETe9X09PNaJFXWn4j/-LtEXJ8w57DulcM-k7Bo/black-swan1851.jpg]
[maikefeng.gitbook.io/invest-guide/ch.1-market-traps/ru-he-cheng-wei-ying-jia.html]
[blobs.gitbook.com/assets/-LtET6TDCVmUjH1zesyw/-LtEYM6qBWykmDJeDzdD/-LtEYtEItfewa7CvVsI2/turtle-racec70b.jpg]
[blobs.gitbook.com/assets/-LtET6TDCVmUjH1zesyw/-LtEhtPw3fVzJpBxnElv/-LtEjOIEAhdS4XlVkJvS/coin-flipf498.jpg]
[maikefeng.gitbook.io/invest-guide/ch.2-risk-management/untitled.html]
[maikefeng.gitbook.io/invest-guide/ch.2-risk-management/kai-li-gong-shi.html]
[blobscdn.gitbook.com/v0/b/gitbook-28427.appspot.com/o/assets/-LtET6TDCVmUjH1zesyw/-LtEkV9mnFXFpnZsPw7_/-LtElw835uox-JOmi4Ew/kelly formlua and investingb2b5.png]
[blobs.gitbook.com/assets/-LtET6TDCVmUjH1zesyw/-LtEkV9mnFXFpnZsPw7_/-LtEm1XrKHHlp8IbCaiq/risk%20managementd9e3.jpg]
[maikefeng.gitbook.io/invest-guide/ch.2-risk-management/zi-jin-guan-li-san-yuan-ze.html]
[blobscdn.gitbook.com/v0/b/gitbook-28427.appspot.com/o/assets/-LtET6TDCVmUjH1zesyw/-LtErD8SPhW_1-OfBLJo/-LtErGiVcnFmQqxVZRAy/leverage2b55.jpg]
[blobscdn.gitbook.com/v0/b/gitbook-28427.appspot.com/o/assets/-LtET6TDCVmUjH1zesyw/-LtEkV9mnFXFpnZsPw7_/-LtEr4Qb_DhoQRizPW8F/%E8%A8%BB%E8%A7%A3%202019-11-09%201908528e43.png]
[maikefeng.gitbook.io/invest-guide/ch.2-risk-management/gang-gan.html]
[blobscdn.gitbook.com/v0/b/gitbook-28427.appspot.com/o/assets/-LtET6TDCVmUjH1zesyw/-LtEkV9mnFXFpnZsPw7_/-LtEqzL6YpGZp2xX6Od5/%E8%A8%BB%E8%A7%A3%202019-11-09%201910010db6.png]
[maikefeng.gitbook.io/invest-guide/ch.2-risk-management/untitled-1.html]
[maikefeng.gitbook.io/invest-guide/ch.2-risk-management/quan-zhi-cao-zuo.html]
[blobs.gitbook.com/assets/-LtET6TDCVmUjH1zesyw/-LtEvMqwvN27OD3E78x5/-LtEyEbuxewW6kpqpEuy/financial-freedom7680.jpg]
[blobs.gitbook.com/assets/-LtET6TDCVmUjH1zesyw/-LtEuYcFovASyagDt8sO/-LtEunaw3X9ibxuz2bkx/Blackjackae82.jpg]
[maikefeng.gitbook.io/invest-guide/ch.3-tech-analysis/untitled-1.html]
[maikefeng.gitbook.io/invest-guide/ch.3-tech-analysis/untitled.html]
[blobs.gitbook.com/assets/-LtET6TDCVmUjH1zesyw/-LtF23DEEABZq_TwMQxb/-LtF2TBTawutlhCp9xI3/prediction61b4.jpg]
[blobs.gitbook.com/assets/-LtET6TDCVmUjH1zesyw/-LtF2i4Q-hZp_I7PirQN/-LtF2uKWaUNv1q3eqCq2/reality-theoryac78.png]
[blobscdn.gitbook.com/v0/b/gitbook-28427.appspot.com/o/assets/-LtET6TDCVmUjH1zesyw/-LtF2i4Q-hZp_I7PirQN/-LtF4aIWSxQ4Ooq7OU_z/tautology a19c8.jpg]
[maikefeng.gitbook.io/invest-guide/ch.3-tech-analysis/untitled-2.html]
[blobscdn.gitbook.com/v0/b/gitbook-28427.appspot.com/o/assets/-LtET6TDCVmUjH1zesyw/-LtF2i4Q-hZp_I7PirQN/-LtF4-3aWZwI22YES6Ut/tautology3754.jpg]
[blobs.gitbook.com/assets/-LtET6TDCVmUjH1zesyw/-LtF672ldJ46khfcX75q/-LtF6oIFH1qS2RB_lSVt/surfinga6cd.jpg]
[maikefeng.gitbook.io/invest-guide/ch.3-tech-analysis/shun-shi-cao-zuo-zhe.html]
[maikefeng.gitbook.io/invest-guide/ch.3-tech-analysis/jiao-yi-xi-tong.html]
[blobs.gitbook.com/assets/-LtET6TDCVmUjH1zesyw/-LtF672ldJ46khfcX75q/-LtF7VTj0lNHqS59AmiN/trade_system7db5.jpg]
[blobs.gitbook.com/assets/-LtET6TDCVmUjH1zesyw/-LtF672ldJ46khfcX75q/-LtF6WJIzs0Vhq_yGJaw/66o9000408r74sprrrro05ab.jpg]
[blobs.gitbook.com/assets/-LtET6TDCVmUjH1zesyw/-LtF8AZ2jSSpw8nOibCj/-LtF9ydXnexNYt76UkL8/119e7.png]
[blobs.gitbook.com/assets/-LtET6TDCVmUjH1zesyw/-LtF8AZ2jSSpw8nOibCj/-LtFA1F_NzMZtqT7mqXZ/2efd9.png]
[blobs.gitbook.com/assets/-LtET6TDCVmUjH1zesyw/-LtF8AZ2jSSpw8nOibCj/-LtFA3pFF1GHc4E6TeA4/373af.png]
[blobs.gitbook.com/assets/-LtET6TDCVmUjH1zesyw/-LtF8AZ2jSSpw8nOibCj/-LtFA6TrzgrMdD8CXCvj/49201.png]
[blobs.gitbook.com/assets/-LtET6TDCVmUjH1zesyw/-LtF8AZ2jSSpw8nOibCj/-LtFA8rctISHpGc63xAA/55a5e.png]
[blobs.gitbook.com/assets/-LtET6TDCVmUjH1zesyw/-LtF8AZ2jSSpw8nOibCj/-LtFABjgvkRT3P6aBpq3/69c90.png]
[blobs.gitbook.com/assets/-LtET6TDCVmUjH1zesyw/-LtF8AZ2jSSpw8nOibCj/-LtFAEwDkqjPtssQoo1r/77b4f.png]
[blobs.gitbook.com/assets/-LtET6TDCVmUjH1zesyw/-LtF8AZ2jSSpw8nOibCj/-LtFAHfTzBT9uLode_LS/8e404.png]
[blobs.gitbook.com/assets/-LtET6TDCVmUjH1zesyw/-LtF8AZ2jSSpw8nOibCj/-LtFAKjdj91PsMiaUPro/91c73.PNG]
[blobs.gitbook.com/assets/-LtET6TDCVmUjH1zesyw/-LtFARuUz43mY0VPpPbG/-LtFApP_IYbwYOxnNADF/unnamed5447.png]
[maikefeng.gitbook.io/invest-guide/ch.3-tech-analysis/yi-tiao-bian-fa.html]
[blobs.gitbook.com/assets/-LtET6TDCVmUjH1zesyw/-LtFBuN9fl6DGjsGD8ct/-LtFDAHNRrwQxS6hTHbx/stockittoya1f1d.jpg]
[blobs.gitbook.com/assets/-LtET6TDCVmUjH1zesyw/-LtFBuN9fl6DGjsGD8ct/-LtFDYz_KKLnImUPi6ZE/return%20style72bb.png]
[blobs.gitbook.com/assets/-LtET6TDCVmUjH1zesyw/-LtFBuN9fl6DGjsGD8ct/-LtFDucOIO5qfDYR4Mcl/capital%20gaind237.png]
[maikefeng.gitbook.io/invest-guide/ch.4-quantitative-value/you-hu-de-ben-zhi.html]
[blobs.gitbook.com/assets/-LtET6TDCVmUjH1zesyw/-LtFBuN9fl6DGjsGD8ct/-LtFE62ssGiNd9474irn/ROEf68b.png]
[blobscdn.gitbook.com/v0/b/gitbook-28427.appspot.com/o/assets/-LtET6TDCVmUjH1zesyw/-LtFEAxPzOezIYTi0ijr/-LtFE_GYmb1RXZE8jaWg/no_smokingf850.jpg]
[blobscdn.gitbook.com/v0/b/gitbook-28427.appspot.com/o/assets/-LtET6TDCVmUjH1zesyw/-LtFEAxPzOezIYTi0ijr/-LtFEv8XYjQnDtnFNYDC/SMB&HML5655.png]
[maikefeng.gitbook.io/invest-guide/ch.4-quantitative-value/jia-zhi-tou-zi-yan-pi-gu-you-duo-hao.html]
[blobscdn.gitbook.com/v0/b/gitbook-28427.appspot.com/o/assets/-LtET6TDCVmUjH1zesyw/-LtFEAxPzOezIYTi0ijr/-LtFF2d4QaoidP2ozqp4/3FF 1993-20052a9e.png]
[blobscdn.gitbook.com/v0/b/gitbook-28427.appspot.com/o/assets/-LtET6TDCVmUjH1zesyw/-LtFFqKAJ6Jj0L93Fekt/-LtFG2_pDM3CCyq38c5Z/diamond & cigar40e8.jpg]
[blobscdn.gitbook.com/v0/b/gitbook-28427.appspot.com/o/assets/-LtET6TDCVmUjH1zesyw/-LtFFqKAJ6Jj0L93Fekt/-LtFGDWEyEP-YfPsh097/PB MSCI6aa4.png]
[blobscdn.gitbook.com/v0/b/gitbook-28427.appspot.com/o/assets/-LtET6TDCVmUjH1zesyw/-LtFFqKAJ6Jj0L93Fekt/-LtFGTKpaygJ__QAo_sB/PB global4bc4.png]
[blobscdn.gitbook.com/v0/b/gitbook-28427.appspot.com/o/assets/-LtET6TDCVmUjH1zesyw/-LtFFqKAJ6Jj0L93Fekt/-LtFGa_L_v7Vhm-alPnx/HML TWd01b.png]
[maikefeng.gitbook.io/invest-guide/ch.4-quantitative-value/untitled.html]
[blobscdn.gitbook.com/v0/b/gitbook-28427.appspot.com/o/assets/-LtET6TDCVmUjH1zesyw/-LtFFqKAJ6Jj0L93Fekt/-LtFH3ft4Xn7EBmPssXv/HML TW-26b3c.png]
[maikefeng.gitbook.io/invest-guide/ch.4-quantitative-value/hui-ce-za-tan.html]
[blobs.gitbook.com/assets/-LtET6TDCVmUjH1zesyw/-LtFFqKAJ6Jj0L93Fekt/-LtFIVEItywDJ7Ynegts/bulletff80.jpg]
[blobs.gitbook.com/assets/-LtET6TDCVmUjH1zesyw/-LtFL7W9r27iK02rzsMM/-LtFLBhmSkeoNKx6ss31/stock-picks-for-chicksccf1.jpg]
[maikefeng.gitbook.io/invest-guide/ch.4-quantitative-value/bai-chi-ji-ben-mian-xuan-gu-fa.html]
[blobscdn.gitbook.com/v0/b/gitbook-28427.appspot.com/o/assets/-LtET6TDCVmUjH1zesyw/-LtFNmhWWZXLUqv8L1hz/-LtFNtVzFIZkK5a45t6n/smart171d95e.jpg]
[blobscdn.gitbook.com/v0/b/gitbook-28427.appspot.com/o/assets/-LtET6TDCVmUjH1zesyw/-LtMt-8TMDibEfzUSBB2/-LtMt59bdoO9hH6Kgn9O/wespai1fb87.jpg]
[blobscdn.gitbook.com/v0/b/gitbook-28427.appspot.com/o/assets/-LtET6TDCVmUjH1zesyw/-LtMt9eQuSbgtq-rSEg8/-LtMtWC-gcwZBZGg9S2l/wespai26184.jpg]
[blobscdn.gitbook.com/v0/b/gitbook-28427.appspot.com/o/assets/-LtET6TDCVmUjH1zesyw/-LtMt9eQuSbgtq-rSEg8/-LtMtaT1oJG-RlhiBnpf/wespai35f5d.jpg]
[blobscdn.gitbook.com/v0/b/gitbook-28427.appspot.com/o/assets/-LtET6TDCVmUjH1zesyw/-LtMt9eQuSbgtq-rSEg8/-LtMtdTGAmspPDS7_uCI/wespai4caeb.jpg]
[maikefeng.gitbook.io/invest-guide/ch.4-quantitative-value/jin-jie-mai-ke-feng-xuan-gu-fa.html]
[blobscdn.gitbook.com/v0/b/gitbook-28427.appspot.com/o/assets/-LtET6TDCVmUjH1zesyw/-LtMt9eQuSbgtq-rSEg8/-LtMtsQG1n49LHNqtzXF/wespai59d3a.jpg]
[blobscdn.gitbook.com/v0/b/gitbook-28427.appspot.com/o/assets/-LtET6TDCVmUjH1zesyw/-LtNJmjGDzYfUZlx79Ab/-LtNKEAcaavg5YSf6pJ5/research5d0c.jpg]
[blobscdn.gitbook.com/v0/b/gitbook-28427.appspot.com/o/assets/-LtET6TDCVmUjH1zesyw/-LtN8maDeZp26AFFBkgq/-LtNAJCuvE540xohv5n1/p120ae.png]
[blobscdn.gitbook.com/v0/b/gitbook-28427.appspot.com/o/assets/-LtET6TDCVmUjH1zesyw/-LtN8maDeZp26AFFBkgq/-LtNANJ9EHPIJBQ-u8L9/p24303.png]
[blobscdn.gitbook.com/v0/b/gitbook-28427.appspot.com/o/assets/-LtET6TDCVmUjH1zesyw/-LtN8maDeZp26AFFBkgq/-LtNAQ63u8MYLgAQAsJs/p33b25.png]
[blobscdn.gitbook.com/v0/b/gitbook-28427.appspot.com/o/assets/-LtET6TDCVmUjH1zesyw/-LtN8maDeZp26AFFBkgq/-LtNASdlq_e6aATU8AmO/p426ae.png]
[blobscdn.gitbook.com/v0/b/gitbook-28427.appspot.com/o/assets/-LtET6TDCVmUjH1zesyw/-LtN8maDeZp26AFFBkgq/-LtNAVQFauA-Hjjyk4iS/p56268.png]
[blobscdn.gitbook.com/v0/b/gitbook-28427.appspot.com/o/assets/-LtET6TDCVmUjH1zesyw/-LtN8maDeZp26AFFBkgq/-LtNAYZ61v_T5Uz6WdkA/p64712.png]
[blobscdn.gitbook.com/v0/b/gitbook-28427.appspot.com/o/assets/-LtET6TDCVmUjH1zesyw/-LtN8maDeZp26AFFBkgq/-LtNAamR-gjg9h36Xcl_/p713ec.png]
[blobscdn.gitbook.com/v0/b/gitbook-28427.appspot.com/o/assets/-LtET6TDCVmUjH1zesyw/-LtN8maDeZp26AFFBkgq/-LtNAdOqci5nnCTusVSX/p88863.png]
[blobscdn.gitbook.com/v0/b/gitbook-28427.appspot.com/o/assets/-LtET6TDCVmUjH1zesyw/-LtN8maDeZp26AFFBkgq/-LtNAgYAlZjuyuBw643M/p9b744.png]
[blobscdn.gitbook.com/v0/b/gitbook-28427.appspot.com/o/assets/-LtET6TDCVmUjH1zesyw/-LtN8maDeZp26AFFBkgq/-LtNAjMy9mGjhQpJNv6_/p10b8f0.png]
[blobscdn.gitbook.com/v0/b/gitbook-28427.appspot.com/o/assets/-LtET6TDCVmUjH1zesyw/-LtN8maDeZp26AFFBkgq/-LtNAmR-pHJ2t-kJ9OxL/p11650d.png]
[blobscdn.gitbook.com/v0/b/gitbook-28427.appspot.com/o/assets/-LtET6TDCVmUjH1zesyw/-LtN8maDeZp26AFFBkgq/-LtNApDNAE6SCUnHTCyE/p1201ea.png]
[blobscdn.gitbook.com/v0/b/gitbook-28427.appspot.com/o/assets/-LtET6TDCVmUjH1zesyw/-LtN8maDeZp26AFFBkgq/-LtNAs-duVaEky4bT4NC/p13ba18.png]
[blobscdn.gitbook.com/v0/b/gitbook-28427.appspot.com/o/assets/-LtET6TDCVmUjH1zesyw/-LtN5spJBt7umFx6T9GS/-LtN6UYE5mYxYi1_qTF_/3587d210.png]
[maikefeng.gitbook.io/invest-guide/ch.5-last-step/zuo-gong-ke-de-fang-fa.html]
[blobscdn.gitbook.com/v0/b/gitbook-28427.appspot.com/o/assets/-LtET6TDCVmUjH1zesyw/-LtN5spJBt7umFx6T9GS/-LtN721YFsy8i7aU-BNa/fabb001.jpg]
[maikefeng.gitbook.io/invest-guide/ch.5-last-step/jiao-yi-20-nian-za-gan.html]
[blobscdn.gitbook.com/v0/b/gitbook-28427.appspot.com/o/assets/-LtET6TDCVmUjH1zesyw/-LtNJmjGDzYfUZlx79Ab/-LtNKI1ggBlRx4r-6bss/chatfda0.jpg]
[blobs.gitbook.com/assets/-LtET6TDCVmUjH1zesyw/-LtFQjGEwJ8tM6ZnAt1Q/-LtFRT_lUc0gYEZqn9NT/snowballea6c.jpg]
[blobs.gitbook.com/assets/-LtET6TDCVmUjH1zesyw/-LtNJmjGDzYfUZlx79Ab/-LtNKePz__VKXAA6h_QU/goodluck7f6b.jpg]
[maikefeng.gitbook.io/invest-guide/ch.5-last-step/tou-zi-zhi-fu-zhi-dao.html]
[blobscdn.gitbook.com/v0/b/gitbook-28427.appspot.com/o/assets/-LtET6TDCVmUjH1zesyw/-LtIBvVS728oNz_bNmVv/-LtICk4CQ1w5l3fzYeBh/IMG_20191110_1046546e93.jpg]
[maikefeng.gitbook.io/invest-guide/ch.5-last-step/books.html]
[www.tweedy.com/resources/library_docs/papers/WhatHasWorkedFundOct14Web.pdf]
[maikefeng.gitbook.io/invest-guide/ch.5-last-step/memo/3189.html]
[maikefeng.gitbook.io/invest-guide/ch.5-last-step/memo/6277.html]
[maikefeng.gitbook.io/invest-guide/ch.5-last-step/memo.html]
[maikefeng.gitbook.io/invest-guide/ch.5-last-step/zhi-xie.html]
[blobs.gitbook.com/assets/-LtET6TDCVmUjH1zesyw/-LtNKjobF25k70liZD2Z/-LtNLnlypbF2yog9-tw3/thanks43bc.jpg]
[blobs.gitbook.com/index.html]
[maikefeng.gitbook.io/invest-guide/ch.5-last-step/memo/3189.html]
[maikefeng.gitbook.io/invest-guide/ch.5-last-step/memo/6277.html]
[blobscdn.gitbook.com/v0/b/gitbook-28427.appspot.com/o/spaces/-LtET6TDCVmUjH1zesyw/avatar8fef.png]
[blobscdn.gitbook.com/v0/b/gitbook-28427.appspot.com/o/assets/-LtET6TDCVmUjH1zesyw/-Lvu04hjOZgXrB0fd5yz/-Lvu0T7Bn2YN_yfbQwz6/78952596_2934270306594733_2439451869764911104_n67a9.png]
[unpkg.com/emojione-assets@4.0.0/sprites/emojione-sprite-40-people.png]
[blobscdn.gitbook.com/v0/b/gitbook-28427.appspot.com/o/assets/-LtET6TDCVmUjH1zesyw/-LtF_u70-8gln2mDFr-a/-LtFb4mYH3m8CWmiJCcZ/IMG_20190621_153711576d.jpg]
[blobs.gitbook.com/assets/-LtET6TDCVmUjH1zesyw/-LtSpxNAu9M7v173hz3n/-LtSq1TQnRAiyqkSY09m/how-to-write-a-great-memo8ffc.png]
[unpkg.com/emojione-assets@4.0.0/sprites/emojione-sprite-40-people@2x.png]
[unpkg.com/emojione-assets@4.0.0/sprites/emojione-sprite-40-nature.png]
[unpkg.com/emojione-assets@4.0.0/sprites/emojione-sprite-40-nature@2x.png]
[unpkg.com/emojione-assets@4.0.0/sprites/emojione-sprite-40-food.png]
[unpkg.com/emojione-assets@4.0.0/sprites/emojione-sprite-40-food@2x.png]
[unpkg.com/emojione-assets@4.0.0/sprites/emojione-sprite-40-activity.png]
[unpkg.com/emojione-assets@4.0.0/sprites/emojione-sprite-40-activity@2x.png]
[lh3.googleusercontent.com/a-/unnamed.jpg]
[unpkg.com/emojione-assets@4.0.0/sprites/emojione-sprite-40-travel.png]
[blobscdn.gitbook.com/v0/b/gitbook-28427.appspot.com/o/assets/-LtET6TDCVmUjH1zesyw/-LtFdqk9HXiX0xwhvSzd/-LtFePOGOgGi8OC3HBnM/maxresdefaultb550.jpg]
[blobscdn.gitbook.com/v0/b/gitbook-28427.appspot.com/o/assets/-LtET6TDCVmUjH1zesyw/-LtETe9X09PNaJFXWn4j/-LtEXZfUlHDxl-jPvq-6/3868365_098c9808080512408786eb300eefced5f9d0.jpg]
[blobscdn.gitbook.com/v0/b/gitbook-28427.appspot.com/o/assets/-LtET6TDCVmUjH1zesyw/-LtETe9X09PNaJFXWn4j/-LtEXr_2_swVlFLDL3tq/trick-or-treat00ca.jpg]
[unpkg.com/emojione-assets@4.0.0/sprites/emojione-sprite-40-travel@2x.png]
[blobs.gitbook.com/assets/-LtET6TDCVmUjH1zesyw/-LtETe9X09PNaJFXWn4j/-LtEXxvgV_E6XUMCQ_Kg/Holy Grail480c.jpg]
[blobs.gitbook.com/spaces/-LtET6TDCVmUjH1zesyw/avatar8fef.png]
[unpkg.com/emojione-assets@4.0.0/sprites/emojione-sprite-40-objects.png]
[blobs.gitbook.com/assets/-LtET6TDCVmUjH1zesyw/-LtETe9X09PNaJFXWn4j/-LtEXJ8w57DulcM-k7Bo/black-swan1851.jpg]
[unpkg.com/emojione-assets@4.0.0/sprites/emojione-sprite-40-objects@2x.png]
[blobscdn.gitbook.com/v0/b/gitbook-28427.appspot.com/o/assets/-LtET6TDCVmUjH1zesyw/-LtErD8SPhW_1-OfBLJo/-LtErGiVcnFmQqxVZRAy/leverage2b55.jpg]
[blobscdn.gitbook.com/v0/b/gitbook-28427.appspot.com/o/assets/-LtET6TDCVmUjH1zesyw/-LtEkV9mnFXFpnZsPw7_/-LtElw835uox-JOmi4Ew/kelly formlua and investingb2b5.png]
[blobs.gitbook.com/assets/-LtET6TDCVmUjH1zesyw/-LtEkV9mnFXFpnZsPw7_/-LtEm1XrKHHlp8IbCaiq/risk%20managementd9e3.jpg]
[unpkg.com/emojione-assets@4.0.0/sprites/emojione-sprite-40-symbols.png]
[blobs.gitbook.com/assets/-LtET6TDCVmUjH1zesyw/-LtEuYcFovASyagDt8sO/-LtEunaw3X9ibxuz2bkx/Blackjackae82.jpg]
[blobscdn.gitbook.com/v0/b/gitbook-28427.appspot.com/o/assets/-LtET6TDCVmUjH1zesyw/-LtEkV9mnFXFpnZsPw7_/-LtEr4Qb_DhoQRizPW8F/%E8%A8%BB%E8%A7%A3%202019-11-09%201908528e43.png]
[blobscdn.gitbook.com/v0/b/gitbook-28427.appspot.com/o/assets/-LtET6TDCVmUjH1zesyw/-LtEkV9mnFXFpnZsPw7_/-LtEqzL6YpGZp2xX6Od5/%E8%A8%BB%E8%A7%A3%202019-11-09%201910010db6.png]
[unpkg.com/emojione-assets@4.0.0/sprites/emojione-sprite-40-symbols@2x.png]
[blobs.gitbook.com/assets/-LtET6TDCVmUjH1zesyw/-LtEvMqwvN27OD3E78x5/-LtEyEbuxewW6kpqpEuy/financial-freedom7680.jpg]
[blobs.gitbook.com/assets/-LtET6TDCVmUjH1zesyw/-LtF23DEEABZq_TwMQxb/-LtF2TBTawutlhCp9xI3/prediction61b4.jpg]
[unpkg.com/emojione-assets@4.0.0/sprites/emojione-sprite-40-flags.png]
[blobs.gitbook.com/assets/-LtET6TDCVmUjH1zesyw/-LtF672ldJ46khfcX75q/-LtF6oIFH1qS2RB_lSVt/surfinga6cd.jpg]
[blobscdn.gitbook.com/v0/b/gitbook-28427.appspot.com/o/assets/-LtET6TDCVmUjH1zesyw/-LtF2i4Q-hZp_I7PirQN/-LtF4aIWSxQ4Ooq7OU_z/tautology a19c8.jpg]
[blobscdn.gitbook.com/v0/b/gitbook-28427.appspot.com/o/assets/-LtET6TDCVmUjH1zesyw/-LtF2i4Q-hZp_I7PirQN/-LtF4-3aWZwI22YES6Ut/tautology3754.jpg]
[unpkg.com/emojione-assets@4.0.0/sprites/emojione-sprite-40-flags@2x.png]
[blobs.gitbook.com/assets/-LtET6TDCVmUjH1zesyw/-LtF672ldJ46khfcX75q/-LtF6WJIzs0Vhq_yGJaw/66o9000408r74sprrrro05ab.jpg]
[unpkg.com/emojione-assets@4.0.0/sprites/emojione-sprite-40-regional.png]
[unpkg.com/emojione-assets@4.0.0/sprites/emojione-sprite-40-regional@2x.png]
[blobs.gitbook.com/assets/-LtET6TDCVmUjH1zesyw/-LtF8AZ2jSSpw8nOibCj/-LtFA8rctISHpGc63xAA/55a5e.png]
[blobs.gitbook.com/assets/-LtET6TDCVmUjH1zesyw/-LtF8AZ2jSSpw8nOibCj/-LtFA6TrzgrMdD8CXCvj/49201.png]
[unpkg.com/emojione-assets@4.0.0/sprites/emojione-sprite-40-diversity.png]
[blobs.gitbook.com/assets/-LtET6TDCVmUjH1zesyw/-LtFBuN9fl6DGjsGD8ct/-LtFDYz_KKLnImUPi6ZE/return%20style72bb.png]
[blobs.gitbook.com/assets/-LtET6TDCVmUjH1zesyw/-LtFBuN9fl6DGjsGD8ct/-LtFDAHNRrwQxS6hTHbx/stockittoya1f1d.jpg]
[unpkg.com/emojione-assets@4.0.0/sprites/emojione-sprite-40-diversity@2x.png]
[unpkg.com/emojione-assets@4.0.0/sprites/emojione-sprite-40.min.css]
[blobscdn.gitbook.com/v0/b/gitbook-28427.appspot.com/o/assets/-LtET6TDCVmUjH1zesyw/-LtFEAxPzOezIYTi0ijr/-LtFF2d4QaoidP2ozqp4/3FF 1993-20052a9e.png]
[blobscdn.gitbook.com/v0/b/gitbook-28427.appspot.com/o/assets/-LtET6TDCVmUjH1zesyw/-LtFEAxPzOezIYTi0ijr/-LtFE_GYmb1RXZE8jaWg/no_smokingf850.jpg]
[blobscdn.gitbook.com/v0/b/gitbook-28427.appspot.com/o/assets/-LtET6TDCVmUjH1zesyw/-LtFEAxPzOezIYTi0ijr/-LtFEv8XYjQnDtnFNYDC/SMB&HML5655.png]
[maikefeng.gitbook.io/invest-guide/can-kao-zi-liao.html]
[blobscdn.gitbook.com/v0/b/gitbook-28427.appspot.com/o/assets/-LtET6TDCVmUjH1zesyw/-LtFFqKAJ6Jj0L93Fekt/-LtFG2_pDM3CCyq38c5Z/diamond & cigar40e8.jpg]
[blobscdn.gitbook.com/v0/b/gitbook-28427.appspot.com/o/assets/-LtET6TDCVmUjH1zesyw/-LtFFqKAJ6Jj0L93Fekt/-LtFGDWEyEP-YfPsh097/PB MSCI6aa4.png]
[blobscdn.gitbook.com/v0/b/gitbook-28427.appspot.com/o/assets/-LtET6TDCVmUjH1zesyw/-LtFFqKAJ6Jj0L93Fekt/-LtFGTKpaygJ__QAo_sB/PB global4bc4.png]
[blobscdn.gitbook.com/v0/b/gitbook-28427.appspot.com/o/assets/-LtET6TDCVmUjH1zesyw/-LtFFqKAJ6Jj0L93Fekt/-LtFGa_L_v7Vhm-alPnx/HML TWd01b.png]
[blobscdn.gitbook.com/v0/b/gitbook-28427.appspot.com/o/assets/-LtET6TDCVmUjH1zesyw/-LtFFqKAJ6Jj0L93Fekt/-LtFH3ft4Xn7EBmPssXv/HML TW-26b3c.png]
[blobs.gitbook.com/assets/-LtET6TDCVmUjH1zesyw/-LtFFqKAJ6Jj0L93Fekt/-LtFIVEItywDJ7Ynegts/bulletff80.jpg]
[blobscdn.gitbook.com/v0/b/gitbook-28427.appspot.com/o/assets/-LtET6TDCVmUjH1zesyw/-LtFNmhWWZXLUqv8L1hz/-LtFNtVzFIZkK5a45t6n/smart171d95e.jpg]
[blobs.gitbook.com/assets/-LtET6TDCVmUjH1zesyw/-LtFL7W9r27iK02rzsMM/-LtFLBhmSkeoNKx6ss31/stock-picks-for-chicksccf1.jpg]
[blobscdn.gitbook.com/v0/b/gitbook-28427.appspot.com/o/assets/-LtET6TDCVmUjH1zesyw/-LtMt-8TMDibEfzUSBB2/-LtMt59bdoO9hH6Kgn9O/wespai1fb87.jpg]
[blobscdn.gitbook.com/v0/b/gitbook-28427.appspot.com/o/assets/-LtET6TDCVmUjH1zesyw/-LtMt9eQuSbgtq-rSEg8/-LtMtWC-gcwZBZGg9S2l/wespai26184.jpg]
[home.business.utah.edu/finmll/fin787/papers/famafrench1992.html]
[blobscdn.gitbook.com/v0/b/gitbook-28427.appspot.com/o/assets/-LtET6TDCVmUjH1zesyw/-LtMt9eQuSbgtq-rSEg8/-LtMtaT1oJG-RlhiBnpf/wespai35f5d.jpg]
[www.memphis.edu/umtech/solutions/umdrivetransfer.phpywu/www/business/Investment Theory/4 The Efficient Markets Hypothesis/Over-reaction and Momentum/FF_valuevsgrowth_intern_JOF98.html]
[blobscdn.gitbook.com/v0/b/gitbook-28427.appspot.com/o/assets/-LtET6TDCVmUjH1zesyw/-LtMt9eQuSbgtq-rSEg8/-LtMtdTGAmspPDS7_uCI/wespai4caeb.jpg]
[blobscdn.gitbook.com/v0/b/gitbook-28427.appspot.com/o/assets/-LtET6TDCVmUjH1zesyw/-LtMt9eQuSbgtq-rSEg8/-LtMtsQG1n49LHNqtzXF/wespai59d3a.jpg]
[maikefeng.gitbook.io/invest-guide/ch.5-last-step/memo/3189.html]
